---
source: crates/astria-sequencer/src/app/execution_state.rs
expression: errors
---
[
    "executed block fingerprint attempted to be set before prepared proposal fingerprint validated.",
    "executed block fingerprint shouldn't be set after invalid check.",
    "executed block fingerprint attempted to be set again.",
    "executed block fingerprint shouldn't be set after invalid check.",
]
