---
source: crates/astria-sequencer/src/app/tests_breaking_changes.rs
assertion_line: 310
expression: app.app_hash.as_bytes()
---
[
  170,
  176,
  54,
  23,
  36,
  22,
  219,
  198,
  20,
  27,
  244,
  21,
  103,
  218,
  46,
  226,
  143,
  0,
  11,
  146,
  213,
  221,
  83,
  7,
  111,
  10,
  172,
  32,
  235,
  94,
  105,
  46
]
