---
source: crates/astria-sequencer/src/app/tests_breaking_changes.rs
expression: app.app_hash.as_bytes()
---
[
  124,
  188,
  201,
  0,
  246,
  112,
  72,
  154,
  58,
  66,
  141,
  42,
  105,
  18,
  201,
  201,
  199,
  81,
  30,
  110,
  94,
  86,
  104,
  234,
  1,
  123,
  247,
  125,
  49,
  77,
  7,
  66
]
