---
source: crates/astria-sequencer/src/app/execution_state.rs
assertion_line: 370
expression: state.data()
---
Prepared(
    CachedProposal {
        time: Time(
            2025-03-12 0:44:59.000000032,
        ),
        proposer_address: account::Id(0909090909090909090909090909090909090909),
        txs: [
            "010203",
            "fdfeff",
        ],
        proposed_last_commit: None,
        misbehavior: [],
        height: block::Height(1),
        next_validators_hash: Hash::None,
    },
)
