---
source: crates/astria-sequencer/src/app/tests_breaking_changes.rs
expression: app.app_hash.as_bytes()
---
[
  74,
  173,
  202,
  26,
  80,
  172,
  76,
  78,
  72,
  44,
  243,
  51,
  32,
  207,
  88,
  78,
  145,
  19,
  219,
  238,
  222,
  150,
  170,
  61,
  187,
  166,
  240,
  247,
  123,
  74,
  48,
  2
]
