---
source: crates/astria-sequencer/src/fees/storage/keys.rs
expression: Helper
---
fees/bridge_lock
fees/bridge_sudo_change
fees/bridge_unlock
fees/fee_asset_change
fees/fee_asset/
fees/fee_change
fees/ibc_relay
fees/ibc_relayer_change
fees/ibc_sudo_change
fees/ics20_withdrawal
fees/init_bridge_account
fees/sequence
fees/sudo_address_change
fees/transfer
fees/validator_update
